// Jest Snapshot v1, https://goo.gl/fbAQLP

exports[`User should display user with data 1`] = `null`;
